Bundler 4.0.10 is running, but your lockfile was generated with 4.0.12. Installing Bundler 4.0.12 and restarting using that version.
Fetching gem metadata from https://rubygems.org/.
Fetching bundler 4.0.12
Installing bundler 4.0.12
Fetching gem metadata from https://rubygems.org/........
Fetching rake 13.3.0
Installing rake 13.3.0
Fetching base64 0.3.0
Fetching benchmark 0.4.1
Fetching bigdecimal 3.2.3
Fetching concurrent-ruby 1.3.5
Fetching connection_pool 2.5.4
Fetching drb 2.2.3
Fetching i18n 1.14.7
Fetching logger 1.7.0
Fetching minitest 5.27.0
Fetching securerandom 0.4.1
Fetching tzinfo 2.0.6
Fetching uri 1.0.3
Fetching activesupport 8.0.3
Fetching builder 3.3.0
Fetching erubi 1.13.1
Fetching mini_portile2 2.8.9
Fetching racc 1.8.1
Fetching nokogiri 1.18.10
Fetching rails-dom-testing 2.3.0
Fetching crass 1.0.6
Fetching loofah 2.24.1
Fetching rails-html-sanitizer 1.6.2
Fetching actionview 8.0.3
Fetching rack 3.2.1
Fetching rack-session 2.1.1
Fetching rack-test 2.2.0
Fetching useragent 0.16.11
Fetching actionpack 8.0.3
Installing bigdecimal 3.2.3 with native extensions
Fetching activemodel 8.0.3
Fetching date 3.4.1
Fetching erb 5.0.2
Fetching io-console 0.8.1
Fetching prettyprint 0.2.0
Fetching pp 0.6.2
Fetching stringio 3.1.7
Installing racc 1.8.1 with native extensions
Fetching psych 5.2.6
Fetching rdoc 6.14.2
Fetching reline 0.6.2
Installing erb 5.0.2 with native extensions
Fetching irb 1.15.2
Installing io-console 0.8.1 with native extensions
Fetching rackup 2.2.1
Fetching thor 1.4.0
Fetching tsort 0.2.0
Installing date 3.4.1 with native extensions
Fetching zeitwerk 2.7.3
Installing stringio 3.1.7 with native extensions
Fetching railties 8.0.3
Installing base64 0.3.0
Installing benchmark 0.4.1
Installing connection_pool 2.5.4
Installing useragent 0.16.11
Installing rack-session 2.1.1
Installing rack-test 2.2.0
Installing logger 1.7.0
Installing drb 2.2.3
Installing concurrent-ruby 1.3.5
Installing i18n 1.14.7
Installing securerandom 0.4.1
Installing rack 3.2.1
Installing activemodel 8.0.3
Installing minitest 5.27.0
Installing prettyprint 0.2.0
Installing pp 0.6.2
Installing actionpack 8.0.3
Installing erubi 1.13.1
Installing builder 3.3.0
Installing uri 1.0.3
Installing mini_portile2 2.8.9
Installing rails-dom-testing 2.3.0
Installing crass 1.0.6
Installing rackup 2.2.1
Installing rails-html-sanitizer 1.6.2
Installing tsort 0.2.0
Installing loofah 2.24.1
Installing reline 0.6.2
Installing tzinfo 2.0.6
Installing irb 1.15.2
Installing zeitwerk 2.7.3
Installing thor 1.4.0
Installing actionview 8.0.3
Installing activesupport 8.0.3
Installing railties 8.0.3
Installing rdoc 6.14.2
Installing nokogiri 1.18.10 with native extensions
Installing psych 5.2.6 with native extensions
Bundle complete! 5 Gemfile dependencies, 46 gems now installed.
Bundled gems are installed into `/tmp/sia-benchmark/globalid-validation-20260907/gems`
Post-install message from minitest:
NOTE: minitest 5 will be the last in the minitest family to support
      ruby 1.8 to 2.7. If you need to keep using these versions,
      you need to pin your dependency to minitest with something
      like "~> 5.0". See History.rdoc to locate compatible
      versions.

      Further, minitest 6 will be dropping the following:

      + MiniTest (it's been Minitest for >10 years)
      + MiniTest::Unit
      + MiniTest::Unit::TestCase
      + assert_send (unless you argue for it well)
      + assert_equal nil, obj
      + mocks and stubs: moving minitest/mock.rb to its own gem
